OPTIMUS Rev 10 SUMMARY FILE
0 Nominal
10 Inputs
4 Outputs
DOE
0 Objectives
Exp SubExp1 SubExp2 SubExp3 Annot Failed
"Input1" 1 0 -1 1
"C" 2 2 27 Tim_Duncan Mason_Plumlee Joakim_Noah Jeff_Withey Nikola_Vucevic Meyers_Leonard Tyson_Chandler DeMarcus_Cousins Brook_Lopez Enes_Kanter Dewayne_Dedmon Jahlil_Okafor Rudy_Gobert Al_Horford Al_Jefferson Amir_Johnson Jonas_Valanciunas Kosta_Koufos Jordan_Hill Zaza_Pachulia Dwight_Howard Willie_Cauley-Stein Karl-Anthony_Towns Ian_Mahinmi Clint_Capela Kelly_Olynyk Steven_Adams
"PG_1" 2 2 31 George_Hill Rajon_Rondo Emmanuel_Mudiay Kyle_Lowry Marcus_Smart Jeff_Teague Kemba_Walker J.J._Barea Elfrid_Payton Darren_Collison Tony_Parker Cory_Joseph Damian_Lillard Ricky_Rubio Derrick_Rose Dennis_Schroder Ish_Smith Isaiah_Canaan Toney_Douglas Trey_Burke Patty_Mills Jarrett_Jack Russell_Westbrook Jameer_Nelson Deron_Williams Brandon_Knight Jrue_Holiday Jeremy_Lin Isaiah_Thomas T.J._McConnell Ty_Lawson
"PG_2" 2 2 31 George_Hill Rajon_Rondo Emmanuel_Mudiay Kyle_Lowry Marcus_Smart Jeff_Teague Kemba_Walker J.J._Barea Elfrid_Payton Darren_Collison Tony_Parker Cory_Joseph Damian_Lillard Ricky_Rubio Derrick_Rose Dennis_Schroder Ish_Smith Isaiah_Canaan Toney_Douglas Trey_Burke Patty_Mills Jarrett_Jack Russell_Westbrook Jameer_Nelson Deron_Williams Brandon_Knight Jrue_Holiday Jeremy_Lin Isaiah_Thomas T.J._McConnell Ty_Lawson
"SG_1" 2 2 29 Rodney_Stuckey Marcus_Thornton Jeremy_Lamb Avery_Bradley Joe_Johnson Will_Barton Kyle_Korver Monta_Ellis Dion_Waiters Zach_LaVine Kent_Bazemore Wesley_Matthews Devin_Harris Alec_Burks Marco_Belinelli Rodney_Hood Nik_Stauskas C.J._McCollum Manu_Ginobili Evan_Fournier Jimmy_Butler Eric_Bledsoe James_Harden Victor_Oladipo Eric_Gordon Kevin_Martin Gary_Harris Danny_Green DeMar_DeRozan
"SG_2" 2 2 29 Rodney_Stuckey Marcus_Thornton Jeremy_Lamb Avery_Bradley Joe_Johnson Will_Barton Kyle_Korver Monta_Ellis Dion_Waiters Zach_LaVine Kent_Bazemore Wesley_Matthews Devin_Harris Alec_Burks Marco_Belinelli Rodney_Hood Nik_Stauskas C.J._McCollum Manu_Ginobili Evan_Fournier Jimmy_Butler Eric_Bledsoe James_Harden Victor_Oladipo Eric_Gordon Kevin_Martin Gary_Harris Danny_Green DeMar_DeRozan
"PF_1" 2 2 25 Pau_Gasol LaMarcus_Aldridge Thaddeus_Young Joffrey_Lauvergne Jared_Sullinger Paul_Millsap Jerami_Grant Taj_Gibson Dwight_Powell Ed_Davis Cody_Zeller Luis_Scola Kenneth_Faried Nerlens_Noel Anthony_Davis Ryan_Anderson Markieff_Morris Marvin_Williams Serge_Ibaka Derrick_Favors Boris_Diaw Terrence_Jones J.J._Hickson Aaron_Gordon Dirk_Nowitzki
"PF_2" 2 2 25 Pau_Gasol LaMarcus_Aldridge Thaddeus_Young Joffrey_Lauvergne Jared_Sullinger Paul_Millsap Jerami_Grant Taj_Gibson Dwight_Powell Ed_Davis Cody_Zeller Luis_Scola Kenneth_Faried Nerlens_Noel Anthony_Davis Ryan_Anderson Markieff_Morris Marvin_Williams Serge_Ibaka Derrick_Favors Boris_Diaw Terrence_Jones J.J._Hickson Aaron_Gordon Dirk_Nowitzki
"SF_1" 2 2 23 Omri_Casspi Nikola_Mirotic Hollis_Thompson Jae_Crowder Thabo_Sefolosha Evan_Turner Trevor_Ariza C.J._Miles Nemanja_Bjelica Kevin_Durant Nicolas_Batum Rudy_Gay Al-Farouq_Aminu Kawhi_Leonard Rondae_Hollis-Jefferson Gordon_Hayward DeMarre_Carroll Bojan_Bogdanovic Tobias_Harris Danilo_Gallinari T.J._Warren Andrew_Wiggins Paul_George
"SF_2" 2 2 23 Omri_Casspi Nikola_Mirotic Hollis_Thompson Jae_Crowder Thabo_Sefolosha Evan_Turner Trevor_Ariza C.J._Miles Nemanja_Bjelica Kevin_Durant Nicolas_Batum Rudy_Gay Al-Farouq_Aminu Kawhi_Leonard Rondae_Hollis-Jefferson Gordon_Hayward DeMarre_Carroll Bojan_Bogdanovic Tobias_Harris Danilo_Gallinari T.J._Warren Andrew_Wiggins Paul_George
"FDFP" 0 0.0000000000000e+000 0 0.0000000000000e+000 0 0 0 0 0 0.0000000000000e+000 0.0000000000000e+000 1.0000000000000e+000 1.0000000000000e-003 
"Sigma6" 0 0.0000000000000e+000 0 0.0000000000000e+000 0 0 0 0 0 0.0000000000000e+000 0.0000000000000e+000 1.0000000000000e+000 1.0000000000000e-003 
"Salary" 0 0.0000000000000e+000 0 0.0000000000000e+000 0 0 0 0 0 0.0000000000000e+000 0.0000000000000e+000 1.0000000000000e+000 1.0000000000000e-003 
"MeanSigma" 0 0.0000000000000e+000 0 0.0000000000000e+000 0 0 0 0 0 0.0000000000000e+000 0.0000000000000e+000 1.0000000000000e+000 1.0000000000000e-003 
1 0 0 0 - 11111 2.7730395333675e-001 Joakim_Noah Russell_Westbrook George_Hill Devin_Harris Eric_Bledsoe Serge_Ibaka Markieff_Morris T.J._Warren Paul_George 0 0 0 0
1 0 0 0 - 0 2.7730395333675e-001 Joakim_Noah Russell_Westbrook George_Hill Devin_Harris Eric_Bledsoe Serge_Ibaka Markieff_Morris T.J._Warren Paul_George 6.1100000000000e+004 2.6521000000000e+002 4.2966666666700e+001 2.9467777777778e+001
2 0 0 0 - 11111 -5.0624957444635e-001 Kosta_Koufos Ish_Smith J.J._Barea Wesley_Matthews Zach_LaVine Anthony_Davis Serge_Ibaka Al-Farouq_Aminu Gordon_Hayward 0 0 0 0
2 0 0 0 - 0 -5.0624957444635e-001 Kosta_Koufos Ish_Smith J.J._Barea Wesley_Matthews Zach_LaVine Anthony_Davis Serge_Ibaka Al-Farouq_Aminu Gordon_Hayward 5.3800000000000e+004 2.2368000000000e+002 4.6950000000000e+001 2.4853333333333e+001
3 0 0 0 - 11111 1.6097414553568e-001 Clint_Capela Darren_Collison Kyle_Lowry Kevin_Martin Danny_Green Joffrey_Lauvergne Aaron_Gordon Gordon_Hayward Evan_Turner 0 0 0 0
3 0 0 0 - 0 1.6097414553568e-001 Clint_Capela Darren_Collison Kyle_Lowry Kevin_Martin Danny_Green Joffrey_Lauvergne Aaron_Gordon Gordon_Hayward Evan_Turner 4.7400000000000e+004 2.0627000000000e+002 3.2900000000000e+001 2.2918888888889e+001
4 0 0 0 - 11111 4.0267477730924e-001 Brook_Lopez Isaiah_Canaan Isaiah_Thomas Kevin_Martin Alec_Burks Terrence_Jones Pau_Gasol Hollis_Thompson T.J._Warren 0 0 0 0
4 0 0 0 - 0 4.0267477730924e-001 Brook_Lopez Isaiah_Canaan Isaiah_Thomas Kevin_Martin Alec_Burks Terrence_Jones Pau_Gasol Hollis_Thompson T.J._Warren 5.1500000000000e+004 2.1913000000000e+002 3.6333333333300e+001 2.4347777777778e+001
5 0 0 0 - 11111 1.2447875947334e-001 Jahlil_Okafor Jeff_Teague Rajon_Rondo Gary_Harris Kyle_Korver Terrence_Jones Terrence_Jones C.J._Miles Trevor_Ariza 0 0 0 0
5 0 0 0 - 0 1.2447875947334e-001 Jahlil_Okafor Jeff_Teague Rajon_Rondo Gary_Harris Kyle_Korver Terrence_Jones Terrence_Jones C.J._Miles Trevor_Ariza -1.0000000000000e+000 -1.0000000000000e+000 -1.0000000000000e+000 -1.1111111111111e-001
6 0 0 0 - 11111 5.8429964753136e-001 Jeff_Withey Jarrett_Jack Darren_Collison Kent_Bazemore Victor_Oladipo Paul_Millsap Pau_Gasol Bojan_Bogdanovic Kevin_Durant 0 0 0 0
6 0 0 0 - 0 5.8429964753136e-001 Jeff_Withey Jarrett_Jack Darren_Collison Kent_Bazemore Victor_Oladipo Paul_Millsap Pau_Gasol Bojan_Bogdanovic Kevin_Durant 5.9100000000000e+004 2.6075000000000e+002 4.1733333333300e+001 2.8972222222222e+001
7 0 0 0 - 11111 8.1796189290149e-001 Jeff_Withey Ty_Lawson Kemba_Walker Eric_Gordon Jimmy_Butler Thaddeus_Young J.J._Hickson C.J._Miles Tobias_Harris 0 0 0 0
7 0 0 0 - 0 8.1796189290149e-001 Jeff_Withey Ty_Lawson Kemba_Walker Eric_Gordon Jimmy_Butler Thaddeus_Young J.J._Hickson C.J._Miles Tobias_Harris 5.1900000000000e+004 2.2898000000000e+002 3.4516666666700e+001 2.5442222222222e+001
8 0 0 0 - 11111 -6.6876599724566e-001 Dwight_Howard Jeff_Teague Elfrid_Payton Eric_Bledsoe C.J._McCollum Markieff_Morris Pau_Gasol Tobias_Harris Kawhi_Leonard 0 0 0 0
8 0 0 0 - 0 -6.6876599724566e-001 Dwight_Howard Jeff_Teague Elfrid_Payton Eric_Bledsoe C.J._McCollum Markieff_Morris Pau_Gasol Tobias_Harris Kawhi_Leonard 6.5200000000000e+004 2.7760000000000e+002 4.2450000000000e+001 3.0844444444444e+001
9 0 0 0 - 11111 -6.4689437630283e-001 Mason_Plumlee T.J._McConnell Isaiah_Thomas Evan_Fournier Zach_LaVine LaMarcus_Aldridge Kenneth_Faried Kawhi_Leonard Hollis_Thompson 0 0 0 0
9 0 0 0 - 0 -6.4689437630283e-001 Mason_Plumlee T.J._McConnell Isaiah_Thomas Evan_Fournier Zach_LaVine LaMarcus_Aldridge Kenneth_Faried Kawhi_Leonard Hollis_Thompson 5.6500000000000e+004 2.4500000000000e+002 3.9766666666700e+001 2.7222222222222e+001
10 0 0 0 - 11111 4.3850542967512e-001 Jordan_Hill J.J._Barea Kemba_Walker Kent_Bazemore Eric_Bledsoe J.J._Hickson Aaron_Gordon Rondae_Hollis-Jefferson Nemanja_Bjelica 0 0 0 0
10 0 0 0 - 0 4.3850542967512e-001 Jordan_Hill J.J._Barea Kemba_Walker Kent_Bazemore Eric_Bledsoe J.J._Hickson Aaron_Gordon Rondae_Hollis-Jefferson Nemanja_Bjelica 4.5400000000000e+004 2.0108000000000e+002 4.4133333333300e+001 2.2342222222222e+001
